Release 14.7 - xst P.20131013 (nt64)
Copyright (c) 1995-2013 Xilinx, Inc.  All rights reserved.
--> Parameter TMPDIR set to xst/projnav.tmp


Total REAL time to Xst completion: 1.00 secs
Total CPU time to Xst completion: 0.17 secs
 
--> Parameter xsthdpdir set to xst


Total REAL time to Xst completion: 1.00 secs
Total CPU time to Xst completion: 0.17 secs
 
--> Reading design: Processor.prj

TABLE OF CONTENTS
  1) Synthesis Options Summary
  2) HDL Parsing
  3) HDL Elaboration
  4) HDL Synthesis
       4.1) HDL Synthesis Report
  5) Advanced HDL Synthesis
       5.1) Advanced HDL Synthesis Report
  6) Low Level Synthesis
  7) Partition Report
  8) Design Summary
       8.1) Primitive and Black Box Usage
       8.2) Device utilization summary
       8.3) Partition Resource Summary
       8.4) Timing Report
            8.4.1) Clock Information
            8.4.2) Asynchronous Control Signals Information
            8.4.3) Timing Summary
            8.4.4) Timing Details
            8.4.5) Cross Clock Domains Report


=========================================================================
*                      Synthesis Options Summary                        *
=========================================================================
---- Source Parameters
Input File Name                    : "Processor.prj"
Ignore Synthesis Constraint File   : NO

---- Target Parameters
Output File Name                   : "Processor"
Output Format                      : NGC
Target Device                      : xc6slx16-3-csg324

---- Source Options
Top Module Name                    : Processor
Automatic FSM Extraction           : YES
FSM Encoding Algorithm             : Auto
Safe Implementation                : No
FSM Style                          : LUT
RAM Extraction                     : Yes
RAM Style                          : Auto
ROM Extraction                     : Yes
Shift Register Extraction          : YES
ROM Style                          : Auto
Resource Sharing                   : YES
Asynchronous To Synchronous        : NO
Shift Register Minimum Size        : 2
Use DSP Block                      : Auto
Automatic Register Balancing       : No

---- Target Options
LUT Combining                      : Auto
Reduce Control Sets                : Auto
Add IO Buffers                     : YES
Global Maximum Fanout              : 100000
Add Generic Clock Buffer(BUFG)     : 16
Register Duplication               : YES
Optimize Instantiated Primitives   : NO
Use Clock Enable                   : Auto
Use Synchronous Set                : Auto
Use Synchronous Reset              : Auto
Pack IO Registers into IOBs        : Auto
Equivalent register Removal        : YES

---- General Options
Optimization Goal                  : Speed
Optimization Effort                : 1
Power Reduction                    : NO
Keep Hierarchy                     : No
Netlist Hierarchy                  : As_Optimized
RTL Output                         : Yes
Global Optimization                : AllClockNets
Read Cores                         : YES
Write Timing Constraints           : NO
Cross Clock Analysis               : NO
Hierarchy Separator                : /
Bus Delimiter                      : <>
Case Specifier                     : Maintain
Slice Utilization Ratio            : 100
BRAM Utilization Ratio             : 100
DSP48 Utilization Ratio            : 100
Auto BRAM Packing                  : NO
Slice Utilization Ratio Delta      : 5

---- Other Options
Cores Search Directories           : {"ipcore_dir"  }

=========================================================================


=========================================================================
*                          HDL Parsing                                  *
=========================================================================
Analyzing Verilog file "F:\school files\computerarchitecture\sbise\cpu_rij\ipcore_dir\ROM_inst.v" into library work
Parsing module <ROM_inst>.
Analyzing Verilog file "F:\school files\computerarchitecture\sbise\cpu_rij\registerstack.v" into library work
Parsing module <Register_Stack>.
Analyzing Verilog file "F:\school files\computerarchitecture\sbise\cpu_rij\readinst.v" into library work
Parsing module <readinst>.
Analyzing Verilog file "F:\school files\computerarchitecture\sbise\cpu_rij\ipcore_dir\RAM.v" into library work
Parsing module <RAM>.
Analyzing Verilog file "F:\school files\computerarchitecture\sbise\cpu_rij\controller.v" into library work
Parsing module <Controller>.
Analyzing Verilog file "F:\school files\computerarchitecture\sbise\cpu_rij\alu.v" into library work
Parsing module <Alu>.
Analyzing Verilog file "F:\school files\computerarchitecture\sbise\cpu_rij\processer.v" into library work
Parsing module <Processor>.

=========================================================================
*                            HDL Elaboration                            *
=========================================================================

Elaborating module <Processor>.

Elaborating module <Controller>.

Elaborating module <readinst>.

Elaborating module <ROM_inst>.
WARNING:HDLCompiler:1499 - "F:\school files\computerarchitecture\sbise\cpu_rij\ipcore_dir\ROM_inst.v" Line 39: Empty module <ROM_inst> remains a black box.

Elaborating module <Register_Stack>.
"F:\school files\computerarchitecture\sbise\cpu_rij\registerstack.v" Line 56. $display At time  $time , reset
"F:\school files\computerarchitecture\sbise\cpu_rij\registerstack.v" Line 60. $display At time  $time , write 0 with 0

Elaborating module <Alu>.
"F:\school files\computerarchitecture\sbise\cpu_rij\alu.v" Line 32. $display At time  $time , do 3'b..., with 0 and 0, output 0
WARNING:HDLCompiler:413 - "F:\school files\computerarchitecture\sbise\cpu_rij\alu.v" Line 35: Result of 32-bit expression is truncated to fit in 1-bit target.

Elaborating module <RAM>.
WARNING:HDLCompiler:1499 - "F:\school files\computerarchitecture\sbise\cpu_rij\ipcore_dir\RAM.v" Line 39: Empty module <RAM> remains a black box.

=========================================================================
*                           HDL Synthesis                               *
=========================================================================

Synthesizing Unit <Processor>.
    Related source file is "F:\school files\computerarchitecture\sbise\cpu_rij\processer.v".
INFO:Xst:3210 - "F:\school files\computerarchitecture\sbise\cpu_rij\processer.v" line 66: Output port <imm_s> of the instance <c_i> is unconnected or connected to loadless signal.
    Summary:
	inferred   5 Multiplexer(s).
Unit <Processor> synthesized.

Synthesizing Unit <Controller>.
    Related source file is "F:\school files\computerarchitecture\sbise\cpu_rij\controller.v".
WARNING:Xst:737 - Found 1-bit latch for signal <w_r_s<0>>. Latches may be generated from incomplete case or if statements. We do not recommend the use of latches in FPGA/CPLD designs, as they may lead to timing problems.
WARNING:Xst:737 - Found 1-bit latch for signal <imm_s>. Latches may be generated from incomplete case or if statements. We do not recommend the use of latches in FPGA/CPLD designs, as they may lead to timing problems.
WARNING:Xst:737 - Found 1-bit latch for signal <rt_imm_s>. Latches may be generated from incomplete case or if statements. We do not recommend the use of latches in FPGA/CPLD designs, as they may lead to timing problems.
WARNING:Xst:737 - Found 1-bit latch for signal <wr_data_s<1>>. Latches may be generated from incomplete case or if statements. We do not recommend the use of latches in FPGA/CPLD designs, as they may lead to timing problems.
WARNING:Xst:737 - Found 1-bit latch for signal <wr_data_s<0>>. Latches may be generated from incomplete case or if statements. We do not recommend the use of latches in FPGA/CPLD designs, as they may lead to timing problems.
WARNING:Xst:737 - Found 1-bit latch for signal <ALU_OP<2>>. Latches may be generated from incomplete case or if statements. We do not recommend the use of latches in FPGA/CPLD designs, as they may lead to timing problems.
WARNING:Xst:737 - Found 1-bit latch for signal <ALU_OP<1>>. Latches may be generated from incomplete case or if statements. We do not recommend the use of latches in FPGA/CPLD designs, as they may lead to timing problems.
WARNING:Xst:737 - Found 1-bit latch for signal <ALU_OP<0>>. Latches may be generated from incomplete case or if statements. We do not recommend the use of latches in FPGA/CPLD designs, as they may lead to timing problems.
WARNING:Xst:737 - Found 1-bit latch for signal <Write_Reg>. Latches may be generated from incomplete case or if statements. We do not recommend the use of latches in FPGA/CPLD designs, as they may lead to timing problems.
WARNING:Xst:737 - Found 1-bit latch for signal <Mem_Write>. Latches may be generated from incomplete case or if statements. We do not recommend the use of latches in FPGA/CPLD designs, as they may lead to timing problems.
WARNING:Xst:737 - Found 1-bit latch for signal <PC_s<1>>. Latches may be generated from incomplete case or if statements. We do not recommend the use of latches in FPGA/CPLD designs, as they may lead to timing problems.
WARNING:Xst:737 - Found 1-bit latch for signal <PC_s<0>>. Latches may be generated from incomplete case or if statements. We do not recommend the use of latches in FPGA/CPLD designs, as they may lead to timing problems.
    Summary:
	inferred  12 Latch(s).
	inferred   3 Multiplexer(s).
Unit <Controller> synthesized.

Synthesizing Unit <readinst>.
    Related source file is "F:\school files\computerarchitecture\sbise\cpu_rij\readinst.v".
    Found 32-bit register for signal <PC>.
    Found 32-bit adder for signal <PC_new> created at line 33.
    Found 32-bit adder for signal <PC_new[31]_GND_16_o_add_1_OUT> created at line 51.
    Found 32-bit 4-to-1 multiplexer for signal <PC_s[1]_PC_new[31]_wide_mux_2_OUT> created at line 48.
    Summary:
	inferred   2 Adder/Subtractor(s).
	inferred  32 D-type flip-flop(s).
	inferred   1 Multiplexer(s).
Unit <readinst> synthesized.

Synthesizing Unit <Register_Stack>.
    Related source file is "F:\school files\computerarchitecture\sbise\cpu_rij\registerstack.v".
    Found 1024-bit register for signal <n0046[1023:0]>.
    Found 32-bit 32-to-1 multiplexer for signal <R_Data_A> created at line 66.
    Found 32-bit 32-to-1 multiplexer for signal <R_Data_B> created at line 67.
    Summary:
	inferred 1024 D-type flip-flop(s).
	inferred  34 Multiplexer(s).
Unit <Register_Stack> synthesized.

Synthesizing Unit <Alu>.
    Related source file is "F:\school files\computerarchitecture\sbise\cpu_rij\alu.v".
        ONE32 = 32'b00000000000000000000000000000001
        ZERO32 = 32'b00000000000000000000000000000000
    Found 33-bit subtractor for signal <GND_19_o_GND_19_o_sub_13_OUT> created at line 27.
    Found 33-bit adder for signal <n0315> created at line 25.
    Found 32-bit shifter logical left for signal <B[31]_A[31]_shift_left_17_OUT> created at line 31
    Found 1-bit 8-to-1 multiplexer for signal <F[31]_A[31]_MUX_1357_o> created at line 18.
    Found 1-bit 8-to-1 multiplexer for signal <F[31]_A[31]_MUX_1365_o> created at line 18.
    Found 1-bit 8-to-1 multiplexer for signal <F[31]_A[31]_MUX_1373_o> created at line 18.
    Found 1-bit 8-to-1 multiplexer for signal <F[31]_A[31]_MUX_1381_o> created at line 18.
    Found 1-bit 8-to-1 multiplexer for signal <F[31]_A[31]_MUX_1389_o> created at line 18.
    Found 1-bit 8-to-1 multiplexer for signal <F[31]_A[31]_MUX_1397_o> created at line 18.
    Found 1-bit 8-to-1 multiplexer for signal <F[31]_A[31]_MUX_1405_o> created at line 18.
    Found 1-bit 8-to-1 multiplexer for signal <F[31]_A[31]_MUX_1413_o> created at line 18.
    Found 1-bit 8-to-1 multiplexer for signal <F[31]_A[31]_MUX_1421_o> created at line 18.
    Found 1-bit 8-to-1 multiplexer for signal <F[31]_A[31]_MUX_1429_o> created at line 18.
    Found 1-bit 8-to-1 multiplexer for signal <F[31]_A[31]_MUX_1437_o> created at line 18.
    Found 1-bit 8-to-1 multiplexer for signal <F[31]_A[31]_MUX_1445_o> created at line 18.
    Found 1-bit 8-to-1 multiplexer for signal <F[31]_A[31]_MUX_1453_o> created at line 18.
    Found 1-bit 8-to-1 multiplexer for signal <F[31]_A[31]_MUX_1461_o> created at line 18.
    Found 1-bit 8-to-1 multiplexer for signal <F[31]_A[31]_MUX_1469_o> created at line 18.
    Found 1-bit 8-to-1 multiplexer for signal <F[31]_A[31]_MUX_1477_o> created at line 18.
    Found 1-bit 8-to-1 multiplexer for signal <F[31]_A[31]_MUX_1485_o> created at line 18.
    Found 1-bit 8-to-1 multiplexer for signal <F[31]_A[31]_MUX_1493_o> created at line 18.
    Found 1-bit 8-to-1 multiplexer for signal <F[31]_A[31]_MUX_1501_o> created at line 18.
    Found 1-bit 8-to-1 multiplexer for signal <F[31]_A[31]_MUX_1509_o> created at line 18.
    Found 1-bit 8-to-1 multiplexer for signal <F[31]_A[31]_MUX_1517_o> created at line 18.
    Found 1-bit 8-to-1 multiplexer for signal <F[31]_A[31]_MUX_1525_o> created at line 18.
    Found 1-bit 8-to-1 multiplexer for signal <F[31]_A[31]_MUX_1533_o> created at line 18.
    Found 1-bit 8-to-1 multiplexer for signal <F[31]_A[31]_MUX_1541_o> created at line 18.
    Found 1-bit 8-to-1 multiplexer for signal <F[31]_A[31]_MUX_1549_o> created at line 18.
    Found 1-bit 8-to-1 multiplexer for signal <F[31]_A[31]_MUX_1557_o> created at line 18.
    Found 1-bit 8-to-1 multiplexer for signal <F[31]_A[31]_MUX_1565_o> created at line 18.
    Found 1-bit 8-to-1 multiplexer for signal <F[31]_A[31]_MUX_1573_o> created at line 18.
    Found 1-bit 8-to-1 multiplexer for signal <F[31]_A[31]_MUX_1581_o> created at line 18.
    Found 1-bit 8-to-1 multiplexer for signal <F[31]_A[31]_MUX_1589_o> created at line 18.
    Found 1-bit 8-to-1 multiplexer for signal <F[31]_A[31]_MUX_1597_o> created at line 18.
    Found 1-bit 8-to-1 multiplexer for signal <F[31]_A[31]_MUX_1605_o> created at line 18.
WARNING:Xst:737 - Found 1-bit latch for signal <carry>. Latches may be generated from incomplete case or if statements. We do not recommend the use of latches in FPGA/CPLD designs, as they may lead to timing problems.
    Found 32-bit comparator greater for signal <A[31]_B[31]_LessThan_15_o> created at line 29
    Summary:
	inferred   2 Adder/Subtractor(s).
	inferred   1 Latch(s).
	inferred   1 Comparator(s).
	inferred  34 Multiplexer(s).
	inferred   1 Combinational logic shifter(s).
Unit <Alu> synthesized.

=========================================================================
HDL Synthesis Report

Macro Statistics
# Adders/Subtractors                                   : 4
 32-bit adder                                          : 2
 33-bit adder                                          : 1
 33-bit subtractor                                     : 1
# Registers                                            : 2
 1024-bit register                                     : 1
 32-bit register                                       : 1
# Latches                                              : 13
 1-bit latch                                           : 13
# Comparators                                          : 1
 32-bit comparator greater                             : 1
# Multiplexers                                         : 77
 1-bit 2-to-1 multiplexer                              : 4
 1-bit 8-to-1 multiplexer                              : 32
 32-bit 2-to-1 multiplexer                             : 36
 32-bit 32-to-1 multiplexer                            : 2
 32-bit 4-to-1 multiplexer                             : 1
 5-bit 2-to-1 multiplexer                              : 2
# Logic shifters                                       : 1
 32-bit shifter logical left                           : 1
# Xors                                                 : 2
 1-bit xor4                                            : 1
 32-bit xor2                                           : 1

=========================================================================

=========================================================================
*                       Advanced HDL Synthesis                          *
=========================================================================

Reading core <ipcore_dir/RAM.ngc>.
Reading core <ipcore_dir/ROM_inst.ngc>.
Loading core <RAM> for timing and area information for instance <ram_i>.
Loading core <ROM_inst> for timing and area information for instance <rominst>.

=========================================================================
Advanced HDL Synthesis Report

Macro Statistics
# Adders/Subtractors                                   : 4
 32-bit adder                                          : 2
 33-bit adder                                          : 1
 33-bit subtractor                                     : 1
# Registers                                            : 1056
 Flip-Flops                                            : 1056
# Comparators                                          : 1
 32-bit comparator greater                             : 1
# Multiplexers                                         : 76
 1-bit 2-to-1 multiplexer                              : 3
 1-bit 8-to-1 multiplexer                              : 32
 32-bit 2-to-1 multiplexer                             : 36
 32-bit 32-to-1 multiplexer                            : 2
 32-bit 4-to-1 multiplexer                             : 1
 5-bit 2-to-1 multiplexer                              : 2
# Logic shifters                                       : 1
 32-bit shifter logical left                           : 1
# Xors                                                 : 2
 1-bit xor4                                            : 1
 32-bit xor2                                           : 1

=========================================================================

=========================================================================
*                         Low Level Synthesis                           *
=========================================================================

Optimizing unit <Processor> ...

Optimizing unit <readinst> ...

Optimizing unit <Register_Stack> ...

Optimizing unit <Alu> ...

Optimizing unit <Controller> ...
WARNING:Xst:2677 - Node <c_i/imm_s> of sequential type is unconnected in block <Processor>.
WARNING:Xst:1293 - FF/Latch <rs_i/REG_Files_0_0> has a constant value of 0 in block <Processor>. This FF/Latch will be trimmed during the optimization process.
WARNING:Xst:1896 - Due to other FF/Latch trimming, FF/Latch <rs_i/REG_Files_0_1> has a constant value of 0 in block <Processor>. This FF/Latch will be trimmed during the optimization process.
WARNING:Xst:1896 - Due to other FF/Latch trimming, FF/Latch <rs_i/REG_Files_0_2> has a constant value of 0 in block <Processor>. This FF/Latch will be trimmed during the optimization process.
WARNING:Xst:1896 - Due to other FF/Latch trimming, FF/Latch <rs_i/REG_Files_0_3> has a constant value of 0 in block <Processor>. This FF/Latch will be trimmed during the optimization process.
WARNING:Xst:1896 - Due to other FF/Latch trimming, FF/Latch <rs_i/REG_Files_0_4> has a constant value of 0 in block <Processor>. This FF/Latch will be trimmed during the optimization process.
WARNING:Xst:1896 - Due to other FF/Latch trimming, FF/Latch <rs_i/REG_Files_0_5> has a constant value of 0 in block <Processor>. This FF/Latch will be trimmed during the optimization process.
WARNING:Xst:1896 - Due to other FF/Latch trimming, FF/Latch <rs_i/REG_Files_0_6> has a constant value of 0 in block <Processor>. This FF/Latch will be trimmed during the optimization process.
WARNING:Xst:1896 - Due to other FF/Latch trimming, FF/Latch <rs_i/REG_Files_0_7> has a constant value of 0 in block <Processor>. This FF/Latch will be trimmed during the optimization process.
WARNING:Xst:1896 - Due to other FF/Latch trimming, FF/Latch <rs_i/REG_Files_0_8> has a constant value of 0 in block <Processor>. This FF/Latch will be trimmed during the optimization process.
WARNING:Xst:1896 - Due to other FF/Latch trimming, FF/Latch <rs_i/REG_Files_0_9> has a constant value of 0 in block <Processor>. This FF/Latch will be trimmed during the optimization process.
WARNING:Xst:1896 - Due to other FF/Latch trimming, FF/Latch <rs_i/REG_Files_0_10> has a constant value of 0 in block <Processor>. This FF/Latch will be trimmed during the optimization process.
WARNING:Xst:1896 - Due to other FF/Latch trimming, FF/Latch <rs_i/REG_Files_0_11> has a constant value of 0 in block <Processor>. This FF/Latch will be trimmed during the optimization process.
WARNING:Xst:1896 - Due to other FF/Latch trimming, FF/Latch <rs_i/REG_Files_0_12> has a constant value of 0 in block <Processor>. This FF/Latch will be trimmed during the optimization process.
WARNING:Xst:1896 - Due to other FF/Latch trimming, FF/Latch <rs_i/REG_Files_0_13> has a constant value of 0 in block <Processor>. This FF/Latch will be trimmed during the optimization process.
WARNING:Xst:1896 - Due to other FF/Latch trimming, FF/Latch <rs_i/REG_Files_0_14> has a constant value of 0 in block <Processor>. This FF/Latch will be trimmed during the optimization process.
WARNING:Xst:1896 - Due to other FF/Latch trimming, FF/Latch <rs_i/REG_Files_0_15> has a constant value of 0 in block <Processor>. This FF/Latch will be trimmed during the optimization process.
WARNING:Xst:1896 - Due to other FF/Latch trimming, FF/Latch <rs_i/REG_Files_0_16> has a constant value of 0 in block <Processor>. This FF/Latch will be trimmed during the optimization process.
WARNING:Xst:1896 - Due to other FF/Latch trimming, FF/Latch <rs_i/REG_Files_0_17> has a constant value of 0 in block <Processor>. This FF/Latch will be trimmed during the optimization process.
WARNING:Xst:1896 - Due to other FF/Latch trimming, FF/Latch <rs_i/REG_Files_0_18> has a constant value of 0 in block <Processor>. This FF/Latch will be trimmed during the optimization process.
WARNING:Xst:1896 - Due to other FF/Latch trimming, FF/Latch <rs_i/REG_Files_0_19> has a constant value of 0 in block <Processor>. This FF/Latch will be trimmed during the optimization process.
WARNING:Xst:1896 - Due to other FF/Latch trimming, FF/Latch <rs_i/REG_Files_0_20> has a constant value of 0 in block <Processor>. This FF/Latch will be trimmed during the optimization process.
WARNING:Xst:1896 - Due to other FF/Latch trimming, FF/Latch <rs_i/REG_Files_0_21> has a constant value of 0 in block <Processor>. This FF/Latch will be trimmed during the optimization process.
WARNING:Xst:1896 - Due to other FF/Latch trimming, FF/Latch <rs_i/REG_Files_0_22> has a constant value of 0 in block <Processor>. This FF/Latch will be trimmed during the optimization process.
WARNING:Xst:1896 - Due to other FF/Latch trimming, FF/Latch <rs_i/REG_Files_0_23> has a constant value of 0 in block <Processor>. This FF/Latch will be trimmed during the optimization process.
WARNING:Xst:1896 - Due to other FF/Latch trimming, FF/Latch <rs_i/REG_Files_0_24> has a constant value of 0 in block <Processor>. This FF/Latch will be trimmed during the optimization process.
WARNING:Xst:1896 - Due to other FF/Latch trimming, FF/Latch <rs_i/REG_Files_0_25> has a constant value of 0 in block <Processor>. This FF/Latch will be trimmed during the optimization process.
WARNING:Xst:1896 - Due to other FF/Latch trimming, FF/Latch <rs_i/REG_Files_0_26> has a constant value of 0 in block <Processor>. This FF/Latch will be trimmed during the optimization process.
WARNING:Xst:1896 - Due to other FF/Latch trimming, FF/Latch <rs_i/REG_Files_0_27> has a constant value of 0 in block <Processor>. This FF/Latch will be trimmed during the optimization process.
WARNING:Xst:1896 - Due to other FF/Latch trimming, FF/Latch <rs_i/REG_Files_0_28> has a constant value of 0 in block <Processor>. This FF/Latch will be trimmed during the optimization process.
WARNING:Xst:1896 - Due to other FF/Latch trimming, FF/Latch <rs_i/REG_Files_0_29> has a constant value of 0 in block <Processor>. This FF/Latch will be trimmed during the optimization process.
WARNING:Xst:1896 - Due to other FF/Latch trimming, FF/Latch <rs_i/REG_Files_0_30> has a constant value of 0 in block <Processor>. This FF/Latch will be trimmed during the optimization process.
WARNING:Xst:1896 - Due to other FF/Latch trimming, FF/Latch <rs_i/REG_Files_0_31> has a constant value of 0 in block <Processor>. This FF/Latch will be trimmed during the optimization process.

Mapping all equations...
Building and optimizing final netlist ...
Found area constraint ratio of 100 (+ 5) on block Processor, actual ratio is 31.

Final Macro Processing ...

=========================================================================
Final Register Report

Macro Statistics
# Registers                                            : 1024
 Flip-Flops                                            : 1024

=========================================================================

=========================================================================
*                           Partition Report                            *
=========================================================================

Partition Implementation Status
-------------------------------

  No Partitions were found in this design.

-------------------------------

=========================================================================
*                            Design Summary                             *
=========================================================================

Top Level Output File Name         : Processor.ngc

Primitive and Black Box Usage:
------------------------------
# BELS                             : 2607
#      GND                         : 3
#      INV                         : 2
#      LUT1                        : 42
#      LUT2                        : 35
#      LUT3                        : 1063
#      LUT4                        : 109
#      LUT5                        : 105
#      LUT6                        : 898
#      MUXCY                       : 140
#      MUXF7                       : 82
#      VCC                         : 3
#      XORCY                       : 125
# FlipFlops/Latches                : 1036
#      FDC                         : 32
#      FDCE                        : 992
#      LD                          : 12
# RAMS                             : 2
#      RAMB8BWER                   : 2
# Clock Buffers                    : 2
#      BUFGP                       : 2
# IO Buffers                       : 67
#      IBUF                        : 1
#      OBUF                        : 66

Device utilization summary:
---------------------------

Selected Device : 6slx16csg324-3 


Slice Logic Utilization: 
 Number of Slice Registers:            1036  out of  18224     5%  
 Number of Slice LUTs:                 2254  out of   9112    24%  
    Number used as Logic:              2254  out of   9112    24%  

Slice Logic Distribution: 
 Number of LUT Flip Flop pairs used:   2255
   Number with an unused Flip Flop:    1219  out of   2255    54%  
   Number with an unused LUT:             1  out of   2255     0%  
   Number of fully used LUT-FF pairs:  1035  out of   2255    45%  
   Number of unique control sets:         5

IO Utilization: 
 Number of IOs:                          69
 Number of bonded IOBs:                  69  out of    232    29%  

Specific Feature Utilization:
 Number of Block RAM/FIFO:                1  out of     32     3%  
    Number using Block RAM only:          1
 Number of BUFG/BUFGCTRLs:                2  out of     16    12%  

---------------------------
Partition Resource Summary:
---------------------------

  No Partitions were found in this design.

---------------------------


=========================================================================
Timing Report

NOTE: THESE TIMING NUMBERS ARE ONLY A SYNTHESIS ESTIMATE.
      FOR ACCURATE TIMING INFORMATION PLEASE REFER TO THE TRACE REPORT
      GENERATED AFTER PLACE-and-ROUTE.

Clock Information:
------------------
-----------------------------------------------------------------------+------------------------+-------+
Clock Signal                                                           | Clock buffer(FF name)  | Load  |
-----------------------------------------------------------------------+------------------------+-------+
clk                                                                    | BUFGP                  | 1025  |
a_i/ALU_OP[2]_ALU_OP[2]_AND_127_o(a_i/ALU_OP[2]_ALU_OP[2]_AND_127_o1:O)| NONE(*)(a_i/carry)     | 1     |
c_i/_n0094(c_i/out1:O)                                                 | NONE(*)(c_i/rt_imm_s)  | 8     |
c_i/OP[5]_func[5]_Select_59_o(c_i/OP[5]_func[5]_Select_59_o3:O)        | NONE(*)(c_i/ALU_OP_0)  | 3     |
clk_m                                                                  | BUFGP                  | 1     |
-----------------------------------------------------------------------+------------------------+-------+
(*) These 3 clock signal(s) are generated by combinatorial logic,
and XST is not able to identify which are the primary clock signals.
Please use the CLOCK_SIGNAL constraint to specify the clock signal(s) generated by combinatorial logic.
INFO:Xst:2169 - HDL ADVISOR - Some clock signals were not automatically buffered by XST with BUFG/BUFR resources. Please use the buffer_type constraint in order to insert these buffers to the clock signals to help prevent skew problems.

Asynchronous Control Signals Information:
----------------------------------------
No asynchronous control signals found in this design

Timing Summary:
---------------
Speed Grade: -3

   Minimum period: 24.663ns (Maximum Frequency: 40.546MHz)
   Minimum input arrival time before clock: 3.864ns
   Maximum output required time after clock: 17.868ns
   Maximum combinational path delay: No path found

Timing Details:
---------------
All values displayed in nanoseconds (ns)

=========================================================================
Timing constraint: Default period analysis for Clock 'clk'
  Clock period: 24.663ns (frequency: 40.546MHz)
  Total number of paths / destination ports: 9257621 / 2028
-------------------------------------------------------------------------
Delay:               12.332ns (Levels of Logic = 11)
  Source:            ri_i/rominst/U0/xst_blk_mem_generator/gnativebmg.native_blk_mem_gen/valid.cstr/ramloop[0].ram.r/s6_init.ram/SP.WIDE_PRIM9.ram (RAM)
  Destination:       rs_i/REG_Files_0_512 (FF)
  Source Clock:      clk rising
  Destination Clock: clk falling

  Data Path: ri_i/rominst/U0/xst_blk_mem_generator/gnativebmg.native_blk_mem_gen/valid.cstr/ramloop[0].ram.r/s6_init.ram/SP.WIDE_PRIM9.ram to rs_i/REG_Files_0_512
                                Gate     Net
    Cell:in->out      fanout   Delay   Delay  Logical Name (Net Name)
    ----------------------------------------  ------------
     RAMB8BWER:CLKBRDCLK->DOBDO5  257   1.850   2.171  U0/xst_blk_mem_generator/gnativebmg.native_blk_mem_gen/valid.cstr/ramloop[0].ram.r/s6_init.ram/SP.WIDE_PRIM9.ram (douta<21>)
     end scope: 'ri_i/rominst:douta<21>'
     LUT6:I4->O            1   0.203   0.827  rs_i/Mmux_R_Data_A_81 (rs_i/Mmux_R_Data_A_81)
     LUT6:I2->O            1   0.203   0.000  rs_i/Mmux_R_Data_A_3 (rs_i/Mmux_R_Data_A_3)
     MUXF7:I1->O          54   0.140   1.678  rs_i/Mmux_R_Data_A_2_f7 (R_Data_A<0>)
     LUT5:I3->O            5   0.203   0.715  a_i/Sh961 (a_i/Sh)
     LUT4:I3->O            1   0.205   0.580  a_i/Mmux__n047911_SW0 (N114)
     LUT6:I5->O            1   0.205   0.000  a_i/Mmux_F[31]_A[31]_MUX_1605_o_3_lut1 (a_i/Mmux_F[31]_A[31]_MUX_1605_o_3_lut1)
     MUXCY:S->O            1   0.366   0.580  a_i/Mmux_F[31]_A[31]_MUX_1605_o_3_cy1 (a_i/Mmux_F[31]_A[31]_MUX_1605_o_3)
     LUT3:I2->O            4   0.205   0.684  a_i/Mmux_F[31]_A[31]_MUX_1605_o_2_f71 (ALU_F_0_OBUF)
     LUT5:I4->O           16   0.205   1.005  Mmux_W_Data11 (W_Data<0>)
     LUT3:I2->O            1   0.205   0.000  rs_i/Mmux_REG_Files[1][31]_W_Data[31]_mux_32_OUT110 (rs_i/REG_Files[1][31]_W_Data[31]_mux_32_OUT<0>)
     FDCE:D                    0.102          rs_i/REG_Files_0_32
    ----------------------------------------
    Total                     12.332ns (4.092ns logic, 8.240ns route)
                                       (33.2% logic, 66.8% route)

=========================================================================
Timing constraint: Default period analysis for Clock 'c_i/_n0094'
  Clock period: 13.050ns (frequency: 76.628MHz)
  Total number of paths / destination ports: 1798 / 1
-------------------------------------------------------------------------
Delay:               13.050ns (Levels of Logic = 11)
  Source:            c_i/rt_imm_s (LATCH)
  Destination:       c_i/PC_s_1 (LATCH)
  Source Clock:      c_i/_n0094 falling
  Destination Clock: c_i/_n0094 falling

  Data Path: c_i/rt_imm_s to c_i/PC_s_1
                                Gate     Net
    Cell:in->out      fanout   Delay   Delay  Logical Name (Net Name)
    ----------------------------------------  ------------
     LD:G->Q             137   0.498   2.203  c_i/rt_imm_s (c_i/rt_imm_s)
     LUT3:I0->O           10   0.205   1.085  Mmux_ALU_B271 (ALU_B<4>)
     LUT6:I3->O            5   0.205   0.715  a_i/Sh51 (a_i/Sh5)
     LUT3:I2->O            3   0.205   0.755  a_i/Sh4511 (a_i/Sh451)
     LUT6:I4->O            3   0.203   0.879  a_i/Mmux_F[31]_A[31]_MUX_1437_o13 (a_i/Mmux_F[31]_A[31]_MUX_1437_o12)
     LUT6:I3->O            2   0.205   0.981  a_i/Mmux_F[31]_A[31]_MUX_1437_o14 (ALU_F_21_OBUF)
     LUT6:I0->O            1   0.203   0.580  a_i/F[31]_GND_19_o_equal_27_o<31>1 (a_i/F[31]_GND_19_o_equal_27_o<31>)
     LUT5:I4->O            1   0.205   0.827  a_i/F[31]_GND_19_o_equal_27_o<31>2 (a_i/F[31]_GND_19_o_equal_27_o<31>1)
     LUT6:I2->O            1   0.203   0.944  a_i/F[31]_GND_19_o_equal_27_o<31>5 (a_i/F[31]_GND_19_o_equal_27_o<31>4)
     LUT6:I0->O            2   0.203   0.721  a_i/F[31]_GND_19_o_equal_27_o<31>7 (ZF_OBUF)
     LUT5:I3->O            1   0.203   0.580  c_i/OP[5]_GND_2_o_Select_72_o1 (c_i/OP[5]_GND_2_o_Select_72_o1)
     LUT6:I5->O            1   0.205   0.000  c_i/OP[5]_GND_2_o_Select_72_o2 (c_i/OP[5]_GND_2_o_Select_72_o)
     LD:D                      0.037          c_i/PC_s_1
    ----------------------------------------
    Total                     13.050ns (2.780ns logic, 10.270ns route)
                                       (21.3% logic, 78.7% route)

=========================================================================
Timing constraint: Default OFFSET IN BEFORE for Clock 'clk'
  Total number of paths / destination ports: 1024 / 1024
-------------------------------------------------------------------------
Offset:              3.864ns (Levels of Logic = 1)
  Source:            rst (PAD)
  Destination:       ri_i/PC_31 (FF)
  Destination Clock: clk rising

  Data Path: rst to ri_i/PC_31
                                Gate     Net
    Cell:in->out      fanout   Delay   Delay  Logical Name (Net Name)
    ----------------------------------------  ------------
     IBUF:I->O          1024   1.222   2.212  rst_IBUF (rst_IBUF)
     FDC:CLR                   0.430          ri_i/PC_0
    ----------------------------------------
    Total                      3.864ns (1.652ns logic, 2.212ns route)
                                       (42.7% logic, 57.3% route)

=========================================================================
Timing constraint: Default OFFSET OUT AFTER for Clock 'c_i/OP[5]_func[5]_Select_59_o'
  Total number of paths / destination ports: 674 / 34
-------------------------------------------------------------------------
Offset:              12.845ns (Levels of Logic = 9)
  Source:            c_i/ALU_OP_2 (LATCH)
  Destination:       ZF (PAD)
  Source Clock:      c_i/OP[5]_func[5]_Select_59_o falling

  Data Path: c_i/ALU_OP_2 to ZF
                                Gate     Net
    Cell:in->out      fanout   Delay   Delay  Logical Name (Net Name)
    ----------------------------------------  ------------
     LD:G->Q              79   0.498   1.986  c_i/ALU_OP_2 (c_i/ALU_OP_2)
     LUT4:I0->O            1   0.203   0.944  a_i/out7_SW2 (N157)
     LUT6:I0->O            8   0.203   1.167  a_i/Mmux_F[31]_A[31]_MUX_1381_o11 (a_i/Mmux_F[31]_A[31]_MUX_1357_o1)
     LUT6:I0->O            1   0.203   0.000  a_i/Mmux_F[31]_A[31]_MUX_1397_o12_G (N218)
     MUXF7:I1->O           3   0.140   1.015  a_i/Mmux_F[31]_A[31]_MUX_1397_o12 (a_i/Mmux_F[31]_A[31]_MUX_1397_o11)
     LUT6:I0->O            2   0.203   0.617  a_i/Mmux_F[31]_A[31]_MUX_1397_o14 (ALU_F_26_OBUF)
     LUT6:I5->O            1   0.205   0.924  a_i/F[31]_GND_19_o_equal_27_o<31>3 (a_i/F[31]_GND_19_o_equal_27_o<31>2)
     LUT6:I1->O            1   0.203   0.944  a_i/F[31]_GND_19_o_equal_27_o<31>5 (a_i/F[31]_GND_19_o_equal_27_o<31>4)
     LUT6:I0->O            2   0.203   0.616  a_i/F[31]_GND_19_o_equal_27_o<31>7 (ZF_OBUF)
     OBUF:I->O                 2.571          ZF_OBUF (ZF)
    ----------------------------------------
    Total                     12.845ns (4.632ns logic, 8.213ns route)
                                       (36.1% logic, 63.9% route)

=========================================================================
Timing constraint: Default OFFSET OUT AFTER for Clock 'c_i/_n0094'
  Total number of paths / destination ports: 3690 / 34
-------------------------------------------------------------------------
Offset:              14.491ns (Levels of Logic = 10)
  Source:            c_i/rt_imm_s (LATCH)
  Destination:       ZF (PAD)
  Source Clock:      c_i/_n0094 falling

  Data Path: c_i/rt_imm_s to ZF
                                Gate     Net
    Cell:in->out      fanout   Delay   Delay  Logical Name (Net Name)
    ----------------------------------------  ------------
     LD:G->Q             137   0.498   2.203  c_i/rt_imm_s (c_i/rt_imm_s)
     LUT3:I0->O           10   0.205   1.085  Mmux_ALU_B271 (ALU_B<4>)
     LUT6:I3->O            5   0.205   0.715  a_i/Sh51 (a_i/Sh5)
     LUT3:I2->O            3   0.205   0.755  a_i/Sh4511 (a_i/Sh451)
     LUT6:I4->O            3   0.203   0.879  a_i/Mmux_F[31]_A[31]_MUX_1437_o13 (a_i/Mmux_F[31]_A[31]_MUX_1437_o12)
     LUT6:I3->O            2   0.205   0.981  a_i/Mmux_F[31]_A[31]_MUX_1437_o14 (ALU_F_21_OBUF)
     LUT6:I0->O            1   0.203   0.580  a_i/F[31]_GND_19_o_equal_27_o<31>1 (a_i/F[31]_GND_19_o_equal_27_o<31>)
     LUT5:I4->O            1   0.205   0.827  a_i/F[31]_GND_19_o_equal_27_o<31>2 (a_i/F[31]_GND_19_o_equal_27_o<31>1)
     LUT6:I2->O            1   0.203   0.944  a_i/F[31]_GND_19_o_equal_27_o<31>5 (a_i/F[31]_GND_19_o_equal_27_o<31>4)
     LUT6:I0->O            2   0.203   0.616  a_i/F[31]_GND_19_o_equal_27_o<31>7 (ZF_OBUF)
     OBUF:I->O                 2.571          ZF_OBUF (ZF)
    ----------------------------------------
    Total                     14.491ns (4.906ns logic, 9.585ns route)
                                       (33.9% logic, 66.1% route)

=========================================================================
Timing constraint: Default OFFSET OUT AFTER for Clock 'clk'
  Total number of paths / destination ports: 596764 / 34
-------------------------------------------------------------------------
Offset:              17.868ns (Levels of Logic = 14)
  Source:            ri_i/rominst/U0/xst_blk_mem_generator/gnativebmg.native_blk_mem_gen/valid.cstr/ramloop[0].ram.r/s6_init.ram/SP.WIDE_PRIM9.ram (RAM)
  Destination:       ZF (PAD)
  Source Clock:      clk rising

  Data Path: ri_i/rominst/U0/xst_blk_mem_generator/gnativebmg.native_blk_mem_gen/valid.cstr/ramloop[0].ram.r/s6_init.ram/SP.WIDE_PRIM9.ram to ZF
                                Gate     Net
    Cell:in->out      fanout   Delay   Delay  Logical Name (Net Name)
    ----------------------------------------  ------------
     RAMB8BWER:CLKBRDCLK->DOBDO0  258   1.850   2.171  U0/xst_blk_mem_generator/gnativebmg.native_blk_mem_gen/valid.cstr/ramloop[0].ram.r/s6_init.ram/SP.WIDE_PRIM9.ram (douta<16>)
     end scope: 'ri_i/rominst:douta<16>'
     LUT6:I4->O            1   0.203   0.827  rs_i/Mmux_R_Data_B_879 (rs_i/Mmux_R_Data_B_879)
     LUT6:I2->O            1   0.203   0.000  rs_i/Mmux_R_Data_B_326 (rs_i/Mmux_R_Data_B_326)
     MUXF7:I1->O           4   0.140   0.684  rs_i/Mmux_R_Data_B_2_f7_25 (R_Data_B<4>)
     LUT3:I2->O           10   0.205   1.085  Mmux_ALU_B271 (ALU_B<4>)
     LUT6:I3->O            5   0.205   0.715  a_i/Sh51 (a_i/Sh5)
     LUT3:I2->O            3   0.205   0.755  a_i/Sh4511 (a_i/Sh451)
     LUT6:I4->O            3   0.203   0.879  a_i/Mmux_F[31]_A[31]_MUX_1437_o13 (a_i/Mmux_F[31]_A[31]_MUX_1437_o12)
     LUT6:I3->O            2   0.205   0.981  a_i/Mmux_F[31]_A[31]_MUX_1437_o14 (ALU_F_21_OBUF)
     LUT6:I0->O            1   0.203   0.580  a_i/F[31]_GND_19_o_equal_27_o<31>1 (a_i/F[31]_GND_19_o_equal_27_o<31>)
     LUT5:I4->O            1   0.205   0.827  a_i/F[31]_GND_19_o_equal_27_o<31>2 (a_i/F[31]_GND_19_o_equal_27_o<31>1)
     LUT6:I2->O            1   0.203   0.944  a_i/F[31]_GND_19_o_equal_27_o<31>5 (a_i/F[31]_GND_19_o_equal_27_o<31>4)
     LUT6:I0->O            2   0.203   0.616  a_i/F[31]_GND_19_o_equal_27_o<31>7 (ZF_OBUF)
     OBUF:I->O                 2.571          ZF_OBUF (ZF)
    ----------------------------------------
    Total                     17.868ns (6.804ns logic, 11.064ns route)
                                       (38.1% logic, 61.9% route)

=========================================================================
Timing constraint: Default OFFSET OUT AFTER for Clock 'clk_m'
  Total number of paths / destination ports: 32 / 32
-------------------------------------------------------------------------
Offset:              5.135ns (Levels of Logic = 2)
  Source:            ram_i/U0/xst_blk_mem_generator/gnativebmg.native_blk_mem_gen/valid.cstr/ramloop[0].ram.r/s6_init.ram/SP.WIDE_PRIM9.ram (RAM)
  Destination:       M_R_Data<18> (PAD)
  Source Clock:      clk_m rising

  Data Path: ram_i/U0/xst_blk_mem_generator/gnativebmg.native_blk_mem_gen/valid.cstr/ramloop[0].ram.r/s6_init.ram/SP.WIDE_PRIM9.ram to M_R_Data<18>
                                Gate     Net
    Cell:in->out      fanout   Delay   Delay  Logical Name (Net Name)
    ----------------------------------------  ------------
     RAMB8BWER:CLKBRDCLK->DOBDO2    5   1.850   0.714  U0/xst_blk_mem_generator/gnativebmg.native_blk_mem_gen/valid.cstr/ramloop[0].ram.r/s6_init.ram/SP.WIDE_PRIM9.ram (douta<18>)
     end scope: 'ram_i:douta<18>'
     OBUF:I->O                 2.571          M_R_Data_18_OBUF (M_R_Data<18>)
    ----------------------------------------
    Total                      5.135ns (4.421ns logic, 0.714ns route)
                                       (86.1% logic, 13.9% route)

=========================================================================
Timing constraint: Default OFFSET OUT AFTER for Clock 'a_i/ALU_OP[2]_ALU_OP[2]_AND_127_o'
  Total number of paths / destination ports: 1 / 1
-------------------------------------------------------------------------
Offset:              4.433ns (Levels of Logic = 2)
  Source:            a_i/carry (LATCH)
  Destination:       OF (PAD)
  Source Clock:      a_i/ALU_OP[2]_ALU_OP[2]_AND_127_o falling

  Data Path: a_i/carry to OF
                                Gate     Net
    Cell:in->out      fanout   Delay   Delay  Logical Name (Net Name)
    ----------------------------------------  ------------
     LD:G->Q               1   0.498   0.580  a_i/carry (a_i/carry)
     LUT6:I5->O            1   0.205   0.579  a_i/OF1 (OF_OBUF)
     OBUF:I->O                 2.571          OF_OBUF (OF)
    ----------------------------------------
    Total                      4.433ns (3.274ns logic, 1.159ns route)
                                       (73.9% logic, 26.1% route)

=========================================================================

Cross Clock Domains Report:
--------------------------

Clock to Setup on destination clock a_i/ALU_OP[2]_ALU_OP[2]_AND_127_o
-----------------------------+---------+---------+---------+---------+
                             | Src:Rise| Src:Fall| Src:Rise| Src:Fall|
Source Clock                 |Dest:Rise|Dest:Rise|Dest:Fall|Dest:Fall|
-----------------------------+---------+---------+---------+---------+
c_i/OP[5]_func[5]_Select_59_o|         |         |    2.711|         |
c_i/_n0094                   |         |         |    5.028|         |
clk                          |         |         |    9.278|         |
-----------------------------+---------+---------+---------+---------+

Clock to Setup on destination clock c_i/OP[5]_func[5]_Select_59_o
---------------+---------+---------+---------+---------+
               | Src:Rise| Src:Fall| Src:Rise| Src:Fall|
Source Clock   |Dest:Rise|Dest:Rise|Dest:Fall|Dest:Fall|
---------------+---------+---------+---------+---------+
clk            |         |         |    5.456|         |
---------------+---------+---------+---------+---------+

Clock to Setup on destination clock c_i/_n0094
-----------------------------+---------+---------+---------+---------+
                             | Src:Rise| Src:Fall| Src:Rise| Src:Fall|
Source Clock                 |Dest:Rise|Dest:Rise|Dest:Fall|Dest:Fall|
-----------------------------+---------+---------+---------+---------+
c_i/OP[5]_func[5]_Select_59_o|         |         |   11.404|         |
c_i/_n0094                   |         |         |   13.050|         |
clk                          |         |         |   16.427|         |
-----------------------------+---------+---------+---------+---------+

Clock to Setup on destination clock clk
-----------------------------+---------+---------+---------+---------+
                             | Src:Rise| Src:Fall| Src:Rise| Src:Fall|
Source Clock                 |Dest:Rise|Dest:Rise|Dest:Fall|Dest:Fall|
-----------------------------+---------+---------+---------+---------+
c_i/OP[5]_func[5]_Select_59_o|         |         |    7.512|         |
c_i/_n0094                   |         |    2.459|    8.314|         |
clk                          |    7.567|    5.008|   12.332|         |
clk_m                        |         |         |    6.300|         |
-----------------------------+---------+---------+---------+---------+

Clock to Setup on destination clock clk_m
-----------------------------+---------+---------+---------+---------+
                             | Src:Rise| Src:Fall| Src:Rise| Src:Fall|
Source Clock                 |Dest:Rise|Dest:Rise|Dest:Fall|Dest:Fall|
-----------------------------+---------+---------+---------+---------+
c_i/OP[5]_func[5]_Select_59_o|         |    6.020|         |         |
c_i/_n0094                   |         |    7.232|         |         |
clk                          |   10.743|    8.184|         |         |
-----------------------------+---------+---------+---------+---------+

=========================================================================


Total REAL time to Xst completion: 30.00 secs
Total CPU time to Xst completion: 29.59 secs
 
--> 

Total memory usage is 4544244 kilobytes

Number of errors   :    0 (   0 filtered)
Number of warnings :   49 (   0 filtered)
Number of infos    :    2 (   0 filtered)

